I'm sorry, but errors were detected in your script. Please correct the
errors listed below, and try again.


File "game/menushka.rpy", line 58: Tab characters are not allowed in Ren'Py scripts.

Ren'Py Version: Ren'Py 7.4.11.2266
Tue Feb 14 17:34:01 2023
